------------------------------------------------------------
TimeQuest Timing Analyzer Summary
------------------------------------------------------------

Type  : Slow Model Setup 'clk'
Slack : -0.459
TNS   : -0.459

Type  : Slow Model Setup 'cont4:counter_bit_3_downto_0|counter[0]'
Slack : -0.071
TNS   : -0.071

Type  : Slow Model Hold 'clk'
Slack : -2.004
TNS   : -8.060

Type  : Slow Model Hold 'cont4:counter_bit_3_downto_0|counter[0]'
Slack : 0.391
TNS   : 0.000

Type  : Slow Model Recovery 'clk'
Slack : -3.584
TNS   : -14.330

Type  : Slow Model Recovery 'cont4:counter_bit_3_downto_0|counter[0]'
Slack : -1.975
TNS   : -5.925

Type  : Slow Model Removal 'cont4:counter_bit_3_downto_0|counter[0]'
Slack : -0.927
TNS   : -2.781

Type  : Slow Model Removal 'clk'
Slack : 0.180
TNS   : 0.000

Type  : Slow Model Minimum Pulse Width 'clk'
Slack : -1.380
TNS   : -9.380

Type  : Slow Model Minimum Pulse Width 'cont4:counter_bit_3_downto_0|counter[0]'
Slack : -0.500
TNS   : -3.000

Type  : Fast Model Setup 'clk'
Slack : 0.315
TNS   : 0.000

Type  : Fast Model Setup 'cont4:counter_bit_3_downto_0|counter[0]'
Slack : 0.508
TNS   : 0.000

Type  : Fast Model Hold 'clk'
Slack : -1.088
TNS   : -4.642

Type  : Fast Model Hold 'cont4:counter_bit_3_downto_0|counter[0]'
Slack : 0.215
TNS   : 0.000

Type  : Fast Model Recovery 'clk'
Slack : -1.613
TNS   : -6.452

Type  : Fast Model Recovery 'cont4:counter_bit_3_downto_0|counter[0]'
Slack : -0.447
TNS   : -1.341

Type  : Fast Model Removal 'cont4:counter_bit_3_downto_0|counter[0]'
Slack : -0.688
TNS   : -2.064

Type  : Fast Model Removal 'clk'
Slack : -0.022
TNS   : -0.088

Type  : Fast Model Minimum Pulse Width 'clk'
Slack : -1.380
TNS   : -9.380

Type  : Fast Model Minimum Pulse Width 'cont4:counter_bit_3_downto_0|counter[0]'
Slack : -0.500
TNS   : -3.000

------------------------------------------------------------
